
> worm-capitalist-wiki@0.1.0 build:site
> next build

▲ Next.js 16.3.2 (Turbopack)
✓ Running next.config.mjs took 13ms

  Creating an optimized production build ...
✓ Compiled successfully in 860ms
  Running TypeScript ...
  Finished TypeScript in 1723ms ...
  Collecting page data using 7 workers ...
  Generating static pages using 7 workers (0/10) ...
  Generating static pages using 7 workers (2/10) 
  Generating static pages using 7 workers (4/10) 
  Generating static pages using 7 workers (7/10) 
✓ Generating static pages using 7 workers (10/10) in 650ms
  Finalizing page optimization ...

Route (app)
┌ ○ /
├ ○ /_not-found
├   /[slug]
│ ├ ● /profit-calculator
│ ├ ● /walkthrough
│ ├ ● /about
│ └ ● [+2 more paths]
├ ○ /robots.txt
└ ○ /sitemap.xml


○  (Static)  prerendered as static content
●  (SSG)     prerendered as static HTML (uses generateStaticParams)

